// Jest Snapshot v1, https://goo.gl/fbAQLP

exports[`Nav component snapshot should match with the snapshot 1`] = `
<textfieldcomponent__TextFieldLabel
  color="#68C281"
>
  HELLO
  <textfieldcomponent__TextFieldInput
    color="#68C281"
    type="text"
  />
</textfieldcomponent__TextFieldLabel>
`;
